// Jest Snapshot v1, https://goo.gl/fbAQLP

exports[`onTagSelected() Tag is added to the list 1`] = `
<nav
  className="navbar navbar-default"
>
  <div
    className="container"
  >
    <div
      className="navbar-header"
    >
      <a
        className="navbar-brand"
        href="#"
      >
        TODOs
      </a>
      <div
        className="navbar-form"
      >
        <div
          className="form-group"
        >
          <span
            className="input-group"
          >
            <input
              className="form-control"
              id={undefined}
              onChange={[Function]}
              placeholder="Search"
              type="text"
            />
            <span
              className="input-group-addon"
            >
              <span
                className="glyphicon glyphicon-search"
              />
            </span>
          </span>
        </div>
      </div>
      <button
        className="navbar-toggle collapsed"
        onClick={[Function]}
        type="button"
      >
        <span
          className="sr-only"
        >
          Toggle navigation
        </span>
        <span
          className="icon-bar"
        />
        <span
          className="icon-bar"
        />
        <span
          className="icon-bar"
        />
      </button>
    </div>
    <div
      aria-expanded={null}
      className="navbar-collapse collapse"
    >
      <ul
        className="nav navbar-nav"
        role={null}
      >
        <li
          className="dropdown"
          style={undefined}
        >
          <a
            aria-expanded={false}
            aria-haspopup={true}
            className="dropdown-toggle"
            href="#"
            id={1}
            onClick={[Function]}
            onKeyDown={[Function]}
            role="button"
          >
            Filter
             
            <span
              className="caret"
            />
          </a>
          <ul
            aria-labelledby={1}
            className="dropdown-menu"
            role="menu"
          >
            <li
              className=""
              role="presentation"
              style={undefined}
            >
              <a
                href="#"
                onClick={[Function]}
                onKeyDown={[Function]}
                role="menuitem"
                tabIndex="-1"
              >
                All
              </a>
            </li>
            <li
              className=""
              role="presentation"
              style={undefined}
            >
              <a
                href="#"
                onClick={[Function]}
                onKeyDown={[Function]}
                role="menuitem"
                tabIndex="-1"
                tag="Home"
              >
                Home
              </a>
            </li>
            <li
              className=""
              role="presentation"
              style={undefined}
            >
              <a
                href="#"
                onClick={[Function]}
                onKeyDown={[Function]}
                role="menuitem"
                tabIndex="-1"
                tag="Work"
              >
                Work
              </a>
            </li>
            <li
              className=""
              role="presentation"
              style={undefined}
            >
              <a
                href="#"
                onClick={[Function]}
                onKeyDown={[Function]}
                role="menuitem"
                tabIndex="-1"
                tag="Fun"
              >
                Fun
              </a>
            </li>
            <li
              className=""
              role="presentation"
              style={undefined}
            >
              <a
                href="#"
                onClick={[Function]}
                onKeyDown={[Function]}
                role="menuitem"
                tabIndex="-1"
                tag="Friends"
              >
                Friends
              </a>
            </li>
            <li
              className=""
              role="presentation"
              style={undefined}
            >
              <a
                href="#"
                onClick={[Function]}
                onKeyDown={[Function]}
                role="menuitem"
                tabIndex="-1"
                tag="Health"
              >
                Health
              </a>
            </li>
            <li
              className=""
              role="presentation"
              style={undefined}
            >
              <a
                href="#"
                onClick={[Function]}
                onKeyDown={[Function]}
                role="menuitem"
                tabIndex="-1"
                tag="Vacations"
              >
                Vacations
              </a>
            </li>
            <li
              className=""
              role="presentation"
              style={undefined}
            >
              <a
                href="#"
                onClick={[Function]}
                onKeyDown={[Function]}
                role="menuitem"
                tabIndex="-1"
                tag="2017"
              >
                2017
              </a>
            </li>
            <li
              className=""
              role="presentation"
              style={undefined}
            >
              <a
                href="#"
                onClick={[Function]}
                onKeyDown={[Function]}
                role="menuitem"
                tabIndex="-1"
                tag="2018"
              >
                2018
              </a>
            </li>
            <li
              className=""
              role="presentation"
              style={undefined}
            >
              <a
                href="#"
                onClick={[Function]}
                onKeyDown={[Function]}
                role="menuitem"
                tabIndex="-1"
                tag="Others"
              >
                Others
              </a>
            </li>
            <li
              className=""
              role="presentation"
              style={undefined}
            >
              <a
                href="#"
                onClick={[Function]}
                onKeyDown={[Function]}
                role="menuitem"
                tabIndex="-1"
                tag="Important"
              >
                Important
              </a>
            </li>
          </ul>
        </li>
      </ul>
    </div>
  </div>
</nav>
`;
