// Jest Snapshot v1, https://goo.gl/fbAQLP

exports[`Create Component renders without crashing 1`] = `
<div>
  <form
    onSubmit={[Function]}
  >
    <h4
      className="other-title"
    >
      Create new task
    </h4>
    <div
      className="form-group"
    >
      <label
        htmlFor="title"
      >
        Title
      </label>
      <input
        className="form-control"
        name="title"
        placeholder="Give a title..."
        required={true}
        type="text"
      />
    </div>
    <div
      className="form-group"
    >
      <label
        htmlFor="description"
      >
        Description
      </label>
      <input
        className="form-control"
        name="description"
        placeholder="Add a description..."
        required={true}
        type="text"
      />
    </div>
    <div
      className="text-center"
    >
      <div
        className="btn-group"
        role="group"
      >
        <a
          className="btn btn-light mr-4"
          href="/"
          onClick={[Function]}
        >
          Back
        </a>
        <button
          className="btn btn-primary"
          type="submit"
        >
          Create
        </button>
      </div>
    </div>
  </form>
</div>
`;
