// Jest Snapshot v1, https://goo.gl/fbAQLP

exports[`CardComponent Snapshot 1`] = `
.c0 {
  position: relative;
  width: 100%;
  height: calc(100vh - 7rem);
  background: #fff;
  border-radius: .4rem;
  min-width: 27.5rem;
  box-sizing: border-box;
  padding-bottom: 2.5rem;
}

<div
  className="c0"
>
  <p>
    test
  </p>
</div>
`;
