// Jest Snapshot v1, https://goo.gl/fbAQLP

exports[`TaskItems should render correctly with active loading 1`] = `<LoadingIndicator />`;

exports[`TaskItems should render correctly with inactive loading 1`] = `
<Unknown
  deleteTask={[Function]}
  items={
    Array [
      Object {
        "description": "A description",
        "id": 1,
        "title": "A title",
      },
    ]
  }
  loading={false}
  updateTask={[Function]}
/>
`;
