// Jest Snapshot v1, https://goo.gl/fbAQLP

exports[`List should works properly Should match snapshot: List_snapshot_1 1`] = `
<div
  class="List"
>
  <div
    class="Item"
    data-testid="listItem"
  >
    <p
      class="Text"
    >
      Hello
    </p>
    <p
      class="Desc"
    >
      Test
    </p>
  </div>
  <div
    class="Buttons"
  >
    <button
      class="null Button_Delete null"
      disabled=""
    >
      delete
    </button>
    <button
      class="null null Button_Edit"
      disabled=""
    >
      edit
    </button>
  </div>
</div>
`;
