// Jest Snapshot v1, https://goo.gl/fbAQLP

exports[`<List /> should render component 1`] = `
<div
  className={undefined}
  style={
    Object {
      "height": 0,
      "overflow": "visible",
      "width": 0,
    }
  }
>
  <div
    aria-label="grid"
    aria-readonly={true}
    className="ReactVirtualized__Grid ReactVirtualized__List"
    id={undefined}
    onScroll={[Function]}
    role="grid"
    style={
      Object {
        "WebkitOverflowScrolling": "touch",
        "boxSizing": "border-box",
        "direction": "ltr",
        "height": undefined,
        "overflowX": "hidden",
        "overflowY": "auto",
        "position": "relative",
        "width": 0,
        "willChange": "transform",
      }
    }
    tabIndex={0}
  />
</div>
`;
