// Jest Snapshot v1, https://goo.gl/fbAQLP

exports[`TitleComponent Snapshot 1`] = `
<StyledComponent
  forwardedComponent={
    Object {
      "$$typeof": Symbol(react.forward_ref),
      "attrs": Array [],
      "componentStyle": ComponentStyle {
        "componentId": "sc-bdVaJa",
        "isStatic": true,
        "rules": Array [
          "
  font-size: 2rem;
  color: #707070;
  margin: 1.5rem;
  font-weight: 600;
",
        ],
      },
      "displayName": "styled.h1",
      "foldedComponentIds": Array [],
      "render": [Function],
      "styledComponentId": "sc-bdVaJa",
      "target": "h1",
      "toString": [Function],
      "warnTooManyClasses": [Function],
      "withComponent": [Function],
    }
  }
  forwardedRef={null}
>
  test
</StyledComponent>
`;
