// Jest Snapshot v1, https://goo.gl/fbAQLP

exports[`InputComponent Snapshot 1`] = `
.c0 {
  width: 100%;
  position: relative;
  margin: 1rem;
  box-sizing: border-box;
}

.c1 {
  font-family: "Roboto","Helvetica","Arial",sans-serif;
  font-size: 1.2rem;
  color: rgba(0,0,0,0.54);
}

.c2 {
  width: 100%;
  display: block;
  position: relative;
}

.c2:before {
  width: 95%;
  left: 0;
  right: 0;
  bottom: 0;
  content: "\\0a0";
  position: absolute;
  border-bottom: 1px solid rgba(0,0,0,0.42);
  pointer-events: none;
}

.c3 {
  width: 95%;
  border: 0;
  margin: 0;
  padding: 6px 0 7px;
  display: block;
  min-width: 0;
  box-sizing: content-box;
  background: none;
  -webkit-tap-highlight-color: transparent;
}

.c3:focus {
  outline: 0;
}

<div
  className="c0"
>
  <label
    className="c1"
  >
    label
  </label>
  <div
    className="c2"
  >
    <input
      className="c3"
      onChange={[Function]}
      type="text"
      value="text"
    />
  </div>
</div>
`;
