// Jest Snapshot v1, https://goo.gl/fbAQLP

exports[`MainComponent Snapshot 1`] = `
.c0 {
  max-width: 50rem;
  width: 100%;
  padding-right: 1.5rem;
  padding-left: 1.5rem;
  box-sizing: border-box;
  position: relative;
  overflow: none;
}

<section
  className="c0"
>
  <p>
    test
  </p>
</section>
`;
