// Jest Snapshot v1, https://goo.gl/fbAQLP

exports[`Task renders 1`] = `
<div
  className="taskContainer"
>
  <section
    className="task"
  >
    <h4
      className="title"
    >
      __TITLE__
    </h4>
    <p
      className="description"
    >
      __DESCRIPTION__
    </p>
  </section>
  <div
    className="actions"
  >
    <button
      className="iconButton"
      onClick={[Function]}
      type="button"
    >
      <Icon
        color="blue"
        glyph="trash"
        onClick={[Function]}
      />
    </button>
    <button
      className="iconButton"
      onClick={[Function]}
      type="button"
    >
      <Icon
        color="blue"
        glyph="pencil"
        onClick={[Function]}
      />
    </button>
  </div>
</div>
`;
